// Jest Snapshot v1, https://goo.gl/fbAQLP

exports[`Host model throws an error when attempting to remove a unexisting app 1`] = `"The specified app do not exist in the host."`;
